// Jest Snapshot v1, https://goo.gl/fbAQLP

exports[`should render NoteTag 1`] = `
<div
  className="note__tag"
>
  Tag1
</div>
`;
