// Jest Snapshot v1, https://goo.gl/fbAQLP

exports[`should render ContentContainer 1`] = `
<div
  className="content-container undefined"
/>
`;
