// Jest Snapshot v1, https://goo.gl/fbAQLP

exports[`should render UserPhoto 1`] = `
<div>
  <img
    alt="User photo"
    height={100}
    src="src"
    width={100}
  />
</div>
`;
