// Jest Snapshot v1, https://goo.gl/fbAQLP

exports[`should render Search 1`] = `
"<div className={[undefined]}>
  <input className=\\"search\\" placeholder=\\"Search\\" onChange={[Function: onChange]} />
</div>"
`;
